<html>
<body>
<pre>
<h1>µVision Build Log</h1>
<h2>Tool Versions:</h2>
IDE-Version: ¦ÌVision V5.39.0.0
Copyright (C) 2023 ARM Ltd and ARM Germany GmbH. All rights reserved.
License Information: a 1641420800@qq.com, b, LIC=QF82M-XW31A-RAKDM-XHE64-35TI0-IATNV
 
Tool Versions:
Toolchain:       MDK-ARM Plus  Version: 5.39.0.0
Toolchain Path:  C:\Keil_v5\ARM\ARMCC\Bin
C Compiler:      Armcc.exe V5.06 update 7 (build 960)
Assembler:       Armasm.exe V5.06 update 7 (build 960)
Linker/Locator:  ArmLink.exe V5.06 update 7 (build 960)
Library Manager: ArmAr.exe V5.06 update 7 (build 960)
Hex Converter:   FromElf.exe V5.06 update 7 (build 960)
CPU DLL:         SARMCM3.DLL V5.39.0.0
Dialog DLL:      DCM.DLL V1.17.5.0
Target DLL:      CMSIS_AGDI.dll V1.33.16.0
Dialog DLL:      TCM.DLL V1.56.4.0
 
<h2>Project:</h2>
C:\Users\16414\Documents\GitHub\u8g2_menu\STM32\USER\LED.uvprojx
Project File Date:  07/08/2024

<h2>Output:</h2>
*** Using Compiler 'V5.06 update 7 (build 960)', folder: 'C:\Keil_v5\ARM\ARMCC\Bin'
Build target 'Target 1'
compiling u8g2_meun_keys.c...
compiling u8g2_meun_drawStr.c...
compiling u8g2_meun_drawValueBar.c...
compiling u8g2_meun_drawChart.c...
compiling u8g2_meun_itemValue.c...
linking...
Program Size: Code=26758 RO-data=4554 RW-data=92 ZI-data=5636  
FromELF: creating hex file...
"..\OBJ\LED.axf" - 0 Error(s), 0 Warning(s).

<h2>Software Packages used:</h2>

Package Vendor: Keil
                http://www.keil.com/pack/Keil.CS32F1xx_DFP.1.0.0.pack
                Keil::CS32F1xx_DFP@1.0.0
                CKS CS32F1 Series Device Support, Drivers

<h2>Collection of Component include folders:</h2>
  C:/Users/16414/AppData/Local/Arm/Packs/Keil/CS32F1xx_DFP/1.0.0/Device/Include

<h2>Collection of Component Files used:</h2>
Build Time Elapsed:  00:00:01
</pre>
</body>
</html>
